******************************************************************************
                  TI ARM Linker PC v20.2.7                     
******************************************************************************
>> Linked Sun Nov  3 19:03:15 2024

OUTPUT FILE NAME:   <I2C_Master.out>
ENTRY POINT SYMBOL: "_c_int00_noinit_noargs"  address: 000008b1


MEMORY CONFIGURATION

         name            origin    length      used     unused   attr    fill
----------------------  --------  ---------  --------  --------  ----  --------
  FLASH                 00000000   00040000  00000a8c  0003f574  R  X
  SRAM                  20000000   00008000  00000200  00007e00  RW X


SEGMENT ALLOCATION MAP

run origin  load origin   length   init length attrs members
----------  ----------- ---------- ----------- ----- -------
00000000    00000000    00000a8c   00000a8c    r-x
  00000000    00000000    0000026c   0000026c    r-- .intvecs
  0000026c    0000026c    00000724   00000724    r-x .text
  00000990    00000990    000000fc   000000fc    r-- .const
20000000    20000000    00000200   00000000    rw-
  20000000    20000000    00000200   00000000    rw- .stack


SECTION ALLOCATION MAP

 output                                  attributes/
section   page    origin      length       input sections
--------  ----  ----------  ----------   ----------------
.intvecs   0    00000000    0000026c     
                  00000000    0000026c     tm4c123gh6pm_startup_ccs.obj (.intvecs)

.text      0    0000026c    00000724     
                  0000026c    0000016c     driverlib.lib : gpio.obj (.text:GPIOPadConfigSet)
                  000003d8    00000160     i2c.obj (.text)
                  00000538    00000118     driverlib.lib : sysctl.obj (.text:SysCtlClockGet)
                  00000650    000000f4                   : sysctl.obj (.text:SysCtlClockSet)
                  00000744    0000004c                   : gpio.obj (.text:GPIOPinConfigure)
                  00000790    0000004c                   : i2c.obj (.text:I2CMasterInitExpClk)
                  000007dc    0000003c     main.obj (.text)
                  00000818    00000038     driverlib.lib : sysctl.obj (.text:SysCtlPeripheralReady)
                  00000850    00000034                   : sysctl.obj (.text:SysCtlPeripheralEnable)
                  00000884    0000002c                   : gpio.obj (.text:GPIODirModeSet)
                  000008b0    0000002c     rtsv7M4_T_le_v4SPD16_eabi.lib : boot_cortex_m.c.obj (.text:_c_int00_noinit_noargs:_c_int00_noinit_noargs)
                  000008dc    00000016     driverlib.lib : gpio.obj (.text:GPIOPinTypeI2C)
                  000008f2    00000016                   : gpio.obj (.text:GPIOPinTypeI2CSCL)
                  00000908    00000016                   : i2c.obj (.text:I2CMasterErr)
                  0000091e    00000010                   : i2c.obj (.text:I2CSlaveEnable)
                  0000092e    0000000e                   : i2c.obj (.text:I2CSlaveInit)
                  0000093c    0000000c     tm4c123gh6pm_startup_ccs.obj (.text)
                  00000948    0000000a     driverlib.lib : i2c.obj (.text:I2CMasterEnable)
                  00000952    00000008                   : i2c.obj (.text:I2CMasterBusBusy)
                  0000095a    00000008                   : i2c.obj (.text:I2CMasterBusy)
                  00000962    00000008                   : i2c.obj (.text:I2CMasterSlaveAddrSet)
                  0000096a    00000006                   : i2c.obj (.text:I2CSlaveDataGet)
                  00000970    00000006                   : i2c.obj (.text:I2CSlaveStatus)
                  00000976    00000006                   : sysctl.obj (.text:SysCtlDelay)
                  0000097c    00000004                   : i2c.obj (.text:I2CMasterControl)
                  00000980    00000004                   : i2c.obj (.text:I2CMasterDataGet)
                  00000984    00000004                   : i2c.obj (.text:I2CMasterDataPut)
                  00000988    00000004     rtsv7M4_T_le_v4SPD16_eabi.lib : pre_init.c.obj (.text:_system_pre_init)
                  0000098c    00000004                                   : exit.c.obj (.text:abort:abort)

.const     0    00000990    000000fc     
                  00000990    00000090     driverlib.lib : gpio.obj (.const:g_pui32GPIOBaseAddrs)
                  00000a20    0000006c                   : sysctl.obj (.const:g_pui32Xtals)

.cinit     0    00000000    00000000     UNINITIALIZED

.init_array 
*          0    00000000    00000000     UNINITIALIZED

.stack     0    20000000    00000200     UNINITIALIZED
                  20000000    00000004     rtsv7M4_T_le_v4SPD16_eabi.lib : boot_cortex_m.c.obj (.stack)
                  20000004    000001fc     --HOLE--

__llvm_prf_cnts 
*          0    20000000    00000000     UNINITIALIZED

MODULE SUMMARY

       Module                         code   ro data   rw data
       ------                         ----   -------   -------
    .\
       tm4c123gh6pm_startup_ccs.obj   12     620       0      
       i2c.obj                        352    0         0      
       main.obj                       60     0         0      
    +--+------------------------------+------+---------+---------+
       Total:                         424    620       0      
                                                              
    C:\ti\ccs1281\ccs\tools\compiler\ti-cgt-arm_20.2.7.LTS\lib\rtsv7M4_T_le_v4SPD16_eabi.lib
       boot_cortex_m.c.obj            44     0         0      
       exit.c.obj                     4      0         0      
       pre_init.c.obj                 4      0         0      
    +--+------------------------------+------+---------+---------+
       Total:                         52     0         0      
                                                              
    D:/Semester_9/Automotive Embedded/ti/TivaWare_C_Series-2.2.0.295/driverlib/ccs/Debug/driverlib.lib
       sysctl.obj                     638    108       0      
       gpio.obj                       528    144       0      
       i2c.obj                        186    0         0      
    +--+------------------------------+------+---------+---------+
       Total:                         1352   252       0      
                                                              
       Stack:                         0      0         512    
    +--+------------------------------+------+---------+---------+
       Grand Total:                   1828   872       512    


GLOBAL SYMBOLS: SORTED ALPHABETICALLY BY Name 

address   name                   
-------   ----                   
0000098d  C$$EXIT                
00000885  GPIODirModeSet         
0000026d  GPIOPadConfigSet       
00000745  GPIOPinConfigure       
000008dd  GPIOPinTypeI2C         
000008f3  GPIOPinTypeI2CSCL      
00000953  I2CMasterBusBusy       
0000095b  I2CMasterBusy          
0000097d  I2CMasterControl       
00000981  I2CMasterDataGet       
00000985  I2CMasterDataPut       
00000949  I2CMasterEnable        
00000909  I2CMasterErr           
00000791  I2CMasterInitExpClk    
00000963  I2CMasterSlaveAddrSet  
0000096b  I2CSlaveDataGet        
0000091f  I2CSlaveEnable         
0000092f  I2CSlaveInit           
00000971  I2CSlaveStatus         
0000093d  ResetISR               
00000539  SysCtlClockGet         
00000651  SysCtlClockSet         
00000977  SysCtlDelay            
00000851  SysCtlPeripheralEnable 
00000819  SysCtlPeripheralReady  
20000200  __STACK_END            
00000200  __STACK_SIZE           
20000200  __STACK_TOP            
ffffffff  __TI_pprof_out_hndl    
ffffffff  __TI_prof_data_size    
ffffffff  __TI_prof_data_start   
00000000  __TI_static_base__     
ffffffff  __binit__              
ffffffff  __c_args__             
UNDEFED   __mpu_init             
20000000  __stack                
20000000  __start___llvm_prf_cnts
20000000  __stop___llvm_prf_cnts 
000008b1  _c_int00_noinit_noargs 
00000989  _system_pre_init       
0000098d  abort                  
ffffffff  binit                  
00000000  g_pfnVectors           
0000042d  i2c_Send               
000003d9  i2c_master_Init        
00000465  i2c_master_read        
000004b7  i2c_slave_Init         
000004ff  i2c_slave_Read         
000007dd  main                   


GLOBAL SYMBOLS: SORTED BY Symbol Address 

address   name                   
-------   ----                   
00000000  __TI_static_base__     
00000000  g_pfnVectors           
00000200  __STACK_SIZE           
0000026d  GPIOPadConfigSet       
000003d9  i2c_master_Init        
0000042d  i2c_Send               
00000465  i2c_master_read        
000004b7  i2c_slave_Init         
000004ff  i2c_slave_Read         
00000539  SysCtlClockGet         
00000651  SysCtlClockSet         
00000745  GPIOPinConfigure       
00000791  I2CMasterInitExpClk    
000007dd  main                   
00000819  SysCtlPeripheralReady  
00000851  SysCtlPeripheralEnable 
00000885  GPIODirModeSet         
000008b1  _c_int00_noinit_noargs 
000008dd  GPIOPinTypeI2C         
000008f3  GPIOPinTypeI2CSCL      
00000909  I2CMasterErr           
0000091f  I2CSlaveEnable         
0000092f  I2CSlaveInit           
0000093d  ResetISR               
00000949  I2CMasterEnable        
00000953  I2CMasterBusBusy       
0000095b  I2CMasterBusy          
00000963  I2CMasterSlaveAddrSet  
0000096b  I2CSlaveDataGet        
00000971  I2CSlaveStatus         
00000977  SysCtlDelay            
0000097d  I2CMasterControl       
00000981  I2CMasterDataGet       
00000985  I2CMasterDataPut       
00000989  _system_pre_init       
0000098d  C$$EXIT                
0000098d  abort                  
20000000  __stack                
20000000  __start___llvm_prf_cnts
20000000  __stop___llvm_prf_cnts 
20000200  __STACK_END            
20000200  __STACK_TOP            
ffffffff  __TI_pprof_out_hndl    
ffffffff  __TI_prof_data_size    
ffffffff  __TI_prof_data_start   
ffffffff  __binit__              
ffffffff  __c_args__             
ffffffff  binit                  
UNDEFED   __mpu_init             

[49 symbols]
